Mencoba memanggil generatePosterContent...
node.exe : [Gemini Fallback] Model gemini-3.1-flash-lite gagal: 
{"error":{"code":404,"message":"models/gemini-3.1-flash-lite is not found for API version v1beta, or is not supported 
for generateContent. Call ListModels to see the list of available models and their supported 
methods.","status":"NOT_FOUND"}}
At line:1 char:1
+ & "C:\Program Files\nodejs/node.exe" "C:\Program Files\nodejs/node_mo ...
+ ~~~~~~~~~~~~~~~~~~~~~~~~~~~~~~~~~~~~~~~~~~~~~~~~~~~~~~~~~~~~~~~~~~~~~
    + CategoryInfo          : NotSpecified: ([Gemini Fallbac...":"NOT_FOUND"}}:String) [], RemoteException
    + FullyQualifiedErrorId : NativeCommandError
 
[Gemini Fallback] Model gemini-2.5-flash-lite gagal: Unterminated string in JSON at position 307751 (line 3 column 
307712)
[Gemini Fallback] Model gemini-2.5-flash gagal: {"error":{"code":503,"message":"This model is currently experiencing 
high demand. Spikes in demand are usually temporary. Please try again later.","status":"UNAVAILABLE"}}
GAGAL: Error: {"error":{"code":503,"message":"This model is currently experiencing high demand. Spikes in demand are 
usually temporary. Please try again later.","status":"UNAVAILABLE"}}
    at generatePosterContent (D:\1 JEFFRI\APLIKASI\POSTER\poster-bulanan-kito\services\geminiService.ts:91:9)
    at process.processTicksAndRejections (node:internal/process/task_queues:104:5)
    at async run (D:\1 JEFFRI\APLIKASI\POSTER\poster-bulanan-kito\test-gemini.ts:8:20)
